Adr    | Raw Inst. | Bin  | Source                  | Line                                  
--------------------------------------------------------------------------------------------
0x0000 | LITA 0x0  | 0400 | input_main.psASM:1      | GLOBAL_LABEL_0: LITA 0                
0x0001 | JMP 0x0   | c000 | input_main.psASM:2      |     JMP GLOBAL_LABEL_0                
0x0002 | JMP 0x2   | c002 | input_main.psASM:3      |     .block_label_1: JMP .block_label_1
0x0003 | LITA 0x1  | 0401 | input_main.psASM:5      | GLOBAL_LABEL_1: LITA 1                
0x0004 | JMP 0x3   | c003 | input_main.psASM:6      |     JMP GLOBAL_LABEL_1                
0x0005 | JMP 0x5   | c005 | input_main.psASM:7      |     .block_label_1: JMP .block_label_1
0x0006 | JMP 0x6   | c006 | input_secondary.psASM:1 | _FILE_LABEL1: JMP _FILE_LABEL1        
0x0007 | JMP 0x7   | c007 | input_secondary.psASM:2 |     .block_label: JMP .block_label    
0x0008 | JMP 0x8   | c008 | input_secondary.psASM:3 | _FILE_LABEL2: JMP _FILE_LABEL2        
0x0009 | JMP 0x9   | c009 | input_secondary.psASM:4 |     .block_label: JMP .block_label    
0x000a | JMP 0xa   | c00a | input_secondary.psASM:1 | _FILE_LABEL1: JMP _FILE_LABEL1        
0x000b | JMP 0xb   | c00b | input_secondary.psASM:2 |     .block_label: JMP .block_label    
0x000c | JMP 0xc   | c00c | input_secondary.psASM:3 | _FILE_LABEL2: JMP _FILE_LABEL2        
0x000d | JMP 0xd   | c00d | input_secondary.psASM:4 |     .block_label: JMP .block_label    
